19:14:56 **** Build of configuration Debug for project 005led_toggle ****
make -j12 all 
arm-none-eabi-gcc -mcpu=cortex-m4 -g3 -c -x assembler-with-cpp -MMD -MP -MF"Startup/startup_stm32f407vgtx.d" -MT"Startup/startup_stm32f407vgtx.o" --specs=nano.specs -mfpu=fpv4-sp-d16 -mfloat-abi=hard -mthumb -o "Startup/startup_stm32f407vgtx.o" "../Startup/startup_stm32f407vgtx.s"
arm-none-eabi-gcc "../Src/main.c" -mcpu=cortex-m4 -std=gnu11 -g3 -DSTM32 -DSTM32F407G_DISC1 -DSTM32F4 -DSTM32F407VGTx -DDEBUG -c -I../Inc -O0 -ffunction-sections -fdata-sections -Wall -fstack-usage -MMD -MP -MF"Src/main.d" -MT"Src/main.o" --specs=nano.specs -mfpu=fpv4-sp-d16 -mfloat-abi=hard -mthumb -o "Src/main.o"
arm-none-eabi-gcc "../Src/syscalls.c" -mcpu=cortex-m4 -std=gnu11 -g3 -DSTM32 -DSTM32F407G_DISC1 -DSTM32F4 -DSTM32F407VGTx -DDEBUG -c -I../Inc -O0 -ffunction-sections -fdata-sections -Wall -fstack-usage -MMD -MP -MF"Src/syscalls.d" -MT"Src/syscalls.o" --specs=nano.specs -mfpu=fpv4-sp-d16 -mfloat-abi=hard -mthumb -o "Src/syscalls.o"
arm-none-eabi-gcc "../Src/sysmem.c" -mcpu=cortex-m4 -std=gnu11 -g3 -DSTM32 -DSTM32F407G_DISC1 -DSTM32F4 -DSTM32F407VGTx -DDEBUG -c -I../Inc -O0 -ffunction-sections -fdata-sections -Wall -fstack-usage -MMD -MP -MF"Src/sysmem.d" -MT"Src/sysmem.o" --specs=nano.specs -mfpu=fpv4-sp-d16 -mfloat-abi=hard -mthumb -o "Src/sysmem.o"
arm-none-eabi-gcc -o "005led_toggle.elf" @"objects.list"   -mcpu=cortex-m4 -T"C:\Users\rsamonte\Embedded Systems\Embedded C\Instructor\target\005led_toggle\STM32F407VGTX_FLASH.ld" --specs=nosys.specs -Wl,-Map="005led_toggle.map" -Wl,--gc-sections -static --specs=nano.specs -mfpu=fpv4-sp-d16 -mfloat-abi=hard -mthumb -Wl,--start-group -lc -lm -Wl,--end-group
Finished building target: 005led_toggle.elf
 
arm-none-eabi-size   005led_toggle.elf 
arm-none-eabi-objdump -h -S  005led_toggle.elf  > "005led_toggle.list"
arm-none-eabi-objcopy  -O binary  005led_toggle.elf  "005led_toggle.bin"
   text	   data	    bss	    dec	    hex	filename
    804	      8	   1568	   2380	    94c	005led_toggle.elf
Finished building: default.size.stdout
 
Finished building: 005led_toggle.list
Finished building: 005led_toggle.bin
 
 
19:15:07 **** Incremental Build of configuration Debug for project 005led_toggle ****
make -j12 all 
arm-none-eabi-size   005led_toggle.elf 
   text	   data	    bss	    dec	    hex	filename
    804	      8	   1568	   2380	    94c	005led_toggle.elf
Finished building: default.size.stdout
 
