15:22:25 **** Incremental Build of configuration Debug for project 006LEDToggle ****
make -j12 all 
arm-none-eabi-gcc "../Src/main1.c" -mcpu=cortex-m4 -std=gnu11 -g3 -DDEBUG -DSTM32 -DSTM32F407G_DISC1 -DSTM32F4 -DSTM32F407VGTx -c -I../Inc -O3 -ffunction-sections -fdata-sections -Wall -fstack-usage -MMD -MP -MF"Src/main1.d" -MT"Src/main1.o" --specs=nano.specs -mfpu=fpv4-sp-d16 -mfloat-abi=hard -mthumb -o "Src/main1.o"
arm-none-eabi-gcc -o "006LEDToggle.elf" @"objects.list"   -mcpu=cortex-m4 -T"C:\Users\rsamonte\Embedded Systems\Embedded C\My_Workspace\target\LEDToggle\STM32F407VGTX_FLASH.ld" --specs=nosys.specs -Wl,-Map="006LEDToggle.map" -Wl,--gc-sections -static --specs=nano.specs -mfpu=fpv4-sp-d16 -mfloat-abi=hard -mthumb -Wl,--start-group -lc -lm -Wl,--end-group
Finished building target: 006LEDToggle.elf
 
arm-none-eabi-size   006LEDToggle.elf 
arm-none-eabi-objdump -h -S  006LEDToggle.elf  > "006LEDToggle.list"
arm-none-eabi-objcopy  -O binary  006LEDToggle.elf  "006LEDToggle.bin"
   text	   data	    bss	    dec	    hex	filename
    764	      8	   1568	   2340	    924	006LEDToggle.elf
Finished building: default.size.stdout
 
Finished building: 006LEDToggle.list
Finished building: 006LEDToggle.bin
 
 

15:22:27 Build Finished. 0 errors, 0 warnings. (took 1s.380ms)

