16:33:12 **** Incremental Build of configuration Debug for project 009Packed_vs_nonPacked ****
make -j12 all 
arm-none-eabi-gcc "../Src/main.c" -mcpu=cortex-m4 -std=gnu11 -g3 -DDEBUG -DSTM32 -DSTM32F407G_DISC1 -DSTM32F4 -DSTM32F407VGTx -c -I../Inc -O0 -ffunction-sections -fdata-sections -Wall -fstack-usage -MMD -MP -MF"Src/main.d" -MT"Src/main.o" --specs=nano.specs -mfpu=fpv4-sp-d16 -mfloat-abi=hard -mthumb -o "Src/main.o"
arm-none-eabi-gcc -o "009Packed_vs_nonPacked.elf" @"objects.list"   -mcpu=cortex-m4 -T"C:\Users\rsamonte\Embedded Systems\Embedded C\My_Workspace\target\009Packed_vs_nonPacked\STM32F407VGTX_FLASH.ld" --specs=nosys.specs -Wl,-Map="009Packed_vs_nonPacked.map" -Wl,--gc-sections -static --specs=nano.specs -mfpu=fpv4-sp-d16 -mfloat-abi=hard -mthumb -Wl,--start-group -lc -lm -Wl,--end-group
Finished building target: 009Packed_vs_nonPacked.elf
 
arm-none-eabi-size   009Packed_vs_nonPacked.elf 
arm-none-eabi-objdump -h -S  009Packed_vs_nonPacked.elf  > "009Packed_vs_nonPacked.list"
arm-none-eabi-objcopy  -O binary  009Packed_vs_nonPacked.elf  "009Packed_vs_nonPacked.bin"
   text	   data	    bss	    dec	    hex	filename
   5280	    108	   1604	   6992	   1b50	009Packed_vs_nonPacked.elf
Finished building: default.size.stdout
 
Finished building: 009Packed_vs_nonPacked.list
 
Finished building: 009Packed_vs_nonPacked.bin
 

16:33:13 Build Finished. 0 errors, 0 warnings. (took 888ms)

