18:35:29 **** Build of configuration Debug for project 013_led_toggle_with_macros ****
make -j12 all 
arm-none-eabi-gcc -mcpu=cortex-m4 -g3 -DDEBUG -c -x assembler-with-cpp -MMD -MP -MF"Startup/startup_stm32f407vgtx.d" -MT"Startup/startup_stm32f407vgtx.o" --specs=nano.specs -mfpu=fpv4-sp-d16 -mfloat-abi=hard -mthumb -o "Startup/startup_stm32f407vgtx.o" "../Startup/startup_stm32f407vgtx.s"
arm-none-eabi-gcc "../Src/main.c" -mcpu=cortex-m4 -std=gnu11 -g3 -DDEBUG -DSTM32 -DSTM32F407G_DISC1 -DSTM32F4 -DSTM32F407VGTx -c -I../Inc -O0 -ffunction-sections -fdata-sections -Wall -fstack-usage -MMD -MP -MF"Src/main.d" -MT"Src/main.o" --specs=nano.specs -mfpu=fpv4-sp-d16 -mfloat-abi=hard -mthumb -o "Src/main.o"
arm-none-eabi-gcc "../Src/syscalls.c" -mcpu=cortex-m4 -std=gnu11 -g3 -DDEBUG -DSTM32 -DSTM32F407G_DISC1 -DSTM32F4 -DSTM32F407VGTx -c -I../Inc -O0 -ffunction-sections -fdata-sections -Wall -fstack-usage -MMD -MP -MF"Src/syscalls.d" -MT"Src/syscalls.o" --specs=nano.specs -mfpu=fpv4-sp-d16 -mfloat-abi=hard -mthumb -o "Src/syscalls.o"
arm-none-eabi-gcc "../Src/sysmem.c" -mcpu=cortex-m4 -std=gnu11 -g3 -DDEBUG -DSTM32 -DSTM32F407G_DISC1 -DSTM32F4 -DSTM32F407VGTx -c -I../Inc -O0 -ffunction-sections -fdata-sections -Wall -fstack-usage -MMD -MP -MF"Src/sysmem.d" -MT"Src/sysmem.o" --specs=nano.specs -mfpu=fpv4-sp-d16 -mfloat-abi=hard -mthumb -o "Src/sysmem.o"
arm-none-eabi-gcc -o "013_led_toggle_with_macros.elf" @"objects.list"   -mcpu=cortex-m4 -T"C:\Users\rsamonte\Embedded_Systems\Embedded C\My_Workspace\target\013_led_toggle_with_macros\STM32F407VGTX_FLASH.ld" --specs=nosys.specs -Wl,-Map="013_led_toggle_with_macros.map" -Wl,--gc-sections -static --specs=nano.specs -mfpu=fpv4-sp-d16 -mfloat-abi=hard -mthumb -Wl,--start-group -lc -lm -Wl,--end-group
Finished building target: 013_led_toggle_with_macros.elf
 
arm-none-eabi-size   013_led_toggle_with_macros.elf 
arm-none-eabi-objdump -h -S  013_led_toggle_with_macros.elf  > "013_led_toggle_with_macros.list"
arm-none-eabi-objcopy  -O binary  013_led_toggle_with_macros.elf  "013_led_toggle_with_macros.bin"
   text	   data	    bss	    dec	    hex	filename
    800	      8	   1568	   2376	    948	013_led_toggle_with_macros.elf
Finished building: default.size.stdout
 
Finished building: 013_led_toggle_with_macros.list
Finished building: 013_led_toggle_with_macros.bin
 
 
18:35:51 **** Incremental Build of configuration Debug for project 013_led_toggle_with_macros ****
make -j12 all 
arm-none-eabi-size   013_led_toggle_with_macros.elf 
   text	   data	    bss	    dec	    hex	filename
    800	      8	   1568	   2376	    948	013_led_toggle_with_macros.elf
Finished building: default.size.stdout
 
